[dotenv@17.3.1] injecting env (0) from .env.local -- tip: ΓÜÖ∩╕Å  enable debug logging with { debug: true }
[dotenv@17.3.1] injecting env (6) from .env -- tip: ≡ƒ¢í∩╕Å auth for agents: https://vestauth.com
Testing Gemini Key: Present
Sending simple prompt...
node : Gemini API 
Error Full: GoogleGen
erativeAIFetchError: 
[GoogleGenerativeAI 
Error]: Error 
fetching from https:/
/generativelanguage.g
oogleapis.com/v1beta/
models/gemini-1.5-fla
sh:generateContent: 
[404 Not Found] model
s/gemini-1.5-flash 
is not found for API 
version v1beta, or 
is not supported for 
generateContent. 
Call ListModels to 
see the list of 
available models and 
their supported 
methods.
At line:1 char:1
+ node scripts/test-g
emini.js > 
test_output.txt 2>&1
+ ~~~~~~~~~~~~~~~~~~~
~~~~~~~~~~~~~~~~~~~~~
~~~~~~~~~~
    + CategoryInfo   
           : NotSpe  
  cified: (Gemini    
 API Erro...porte    
d methods.:Strin    
g) [], RemoteExc    
eption
    + FullyQualified 
   ErrorId : Native  
  CommandError
 
    at 
handleResponseNotOk (
C:\Users\nihal\doomsd
ay-ai\node_modules\@g
oogle\generative-ai\d
ist\index.js:434:11)
    at process.proces
sTicksAndRejections (
node:internal/process
/task_queues:105:5)
    at async 
makeRequest (C:\Users
\nihal\doomsday-ai\no
de_modules\@google\ge
nerative-ai\dist\inde
x.js:403:9)
    at async 
generateContent (C:\U
sers\nihal\doomsday-a
i\node_modules\@googl
e\generative-ai\dist\
index.js:867:22)
    at async 
testGemini (C:\Users\
nihal\doomsday-ai\scr
ipts\test-gemini.js:2
8:24) {
  status: 404,
  statusText: 'Not 
Found',
  errorDetails: 
undefined
}
Stack: Error: 
[GoogleGenerativeAI 
Error]: Error 
fetching from https:/
/generativelanguage.g
oogleapis.com/v1beta/
models/gemini-1.5-fla
sh:generateContent: 
[404 Not Found] model
s/gemini-1.5-flash 
is not found for API 
version v1beta, or 
is not supported for 
generateContent. 
Call ListModels to 
see the list of 
available models and 
their supported 
methods.
    at 
handleResponseNotOk (
C:\Users\nihal\doomsd
ay-ai\node_modules\@g
oogle\generative-ai\d
ist\index.js:434:11)
    at process.proces
sTicksAndRejections (
node:internal/process
/task_queues:105:5)
    at async 
makeRequest (C:\Users
\nihal\doomsday-ai\no
de_modules\@google\ge
nerative-ai\dist\inde
x.js:403:9)
    at async 
generateContent (C:\U
sers\nihal\doomsday-a
i\node_modules\@googl
e\generative-ai\dist\
index.js:867:22)
    at async 
testGemini (C:\Users\
nihal\doomsday-ai\scr
ipts\test-gemini.js:2
8:24)
